cmake : Error: not a CMake build directory (missing CMakeCache.txt)
At line:1 char:1
+ cmake --build "build\x64-Release-Qt" --config Release --target PkgXtr ...
+ ~~~~~~~~~~~~~~~~~~~~~~~~~~~~~~~~~~~~~~~~~~~~~~~~~~~~~~~~~~~~~~~~~~~~~
    + CategoryInfo          : NotSpecified: (Error: not a CM...CMakeCache.txt):String) [], RemoteException
    + FullyQualifiedErrorId : NativeCommandError
 
